Archive member included to satisfy reference by file (symbol)

/opt/stm32/ac6/plugins/fr.ac6.mcu.externaltools.arm-none.linux64_1.15.0.201708311556/tools/compiler/bin/../lib/gcc/arm-none-eabi/6.3.1/thumb/v7-m/libgcc.a(_arm_addsubsf3.o)
                              src/signals.o (__aeabi_i2f)
/opt/stm32/ac6/plugins/fr.ac6.mcu.externaltools.arm-none.linux64_1.15.0.201708311556/tools/compiler/bin/../lib/gcc/arm-none-eabi/6.3.1/thumb/v7-m/libgcc.a(_arm_muldivsf3.o)
                              src/signals.o (__aeabi_fmul)
/opt/stm32/ac6/plugins/fr.ac6.mcu.externaltools.arm-none.linux64_1.15.0.201708311556/tools/compiler/bin/../lib/gcc/arm-none-eabi/6.3.1/thumb/v7-m/libgcc.a(_arm_fixunssfsi.o)
                              src/signals.o (__aeabi_f2uiz)
/opt/stm32/ac6/plugins/fr.ac6.mcu.externaltools.arm-none.linux64_1.15.0.201708311556/tools/compiler/bin/../lib/gcc/arm-none-eabi/6.3.1/../../../../arm-none-eabi/lib/thumb/v7-m/libc.a(lib_a-errno.o)
                              src/syscalls.o (__errno)
/opt/stm32/ac6/plugins/fr.ac6.mcu.externaltools.arm-none.linux64_1.15.0.201708311556/tools/compiler/bin/../lib/gcc/arm-none-eabi/6.3.1/../../../../arm-none-eabi/lib/thumb/v7-m/libc.a(lib_a-exit.o)
                              /opt/stm32/ac6/plugins/fr.ac6.mcu.externaltools.arm-none.linux64_1.15.0.201708311556/tools/compiler/bin/../lib/gcc/arm-none-eabi/6.3.1/../../../../arm-none-eabi/lib/thumb/v7-m/crt0.o (exit)
/opt/stm32/ac6/plugins/fr.ac6.mcu.externaltools.arm-none.linux64_1.15.0.201708311556/tools/compiler/bin/../lib/gcc/arm-none-eabi/6.3.1/../../../../arm-none-eabi/lib/thumb/v7-m/libc.a(lib_a-impure.o)
                              /opt/stm32/ac6/plugins/fr.ac6.mcu.externaltools.arm-none.linux64_1.15.0.201708311556/tools/compiler/bin/../lib/gcc/arm-none-eabi/6.3.1/../../../../arm-none-eabi/lib/thumb/v7-m/libc.a(lib_a-exit.o) (_global_impure_ptr)
/opt/stm32/ac6/plugins/fr.ac6.mcu.externaltools.arm-none.linux64_1.15.0.201708311556/tools/compiler/bin/../lib/gcc/arm-none-eabi/6.3.1/../../../../arm-none-eabi/lib/thumb/v7-m/libc.a(lib_a-init.o)
                              /opt/stm32/ac6/plugins/fr.ac6.mcu.externaltools.arm-none.linux64_1.15.0.201708311556/tools/compiler/bin/../lib/gcc/arm-none-eabi/6.3.1/../../../../arm-none-eabi/lib/thumb/v7-m/crt0.o (__libc_init_array)
/opt/stm32/ac6/plugins/fr.ac6.mcu.externaltools.arm-none.linux64_1.15.0.201708311556/tools/compiler/bin/../lib/gcc/arm-none-eabi/6.3.1/../../../../arm-none-eabi/lib/thumb/v7-m/libc.a(lib_a-memset.o)
                              /opt/stm32/ac6/plugins/fr.ac6.mcu.externaltools.arm-none.linux64_1.15.0.201708311556/tools/compiler/bin/../lib/gcc/arm-none-eabi/6.3.1/../../../../arm-none-eabi/lib/thumb/v7-m/crt0.o (memset)
/opt/stm32/ac6/plugins/fr.ac6.mcu.externaltools.arm-none.linux64_1.15.0.201708311556/tools/compiler/bin/../lib/gcc/arm-none-eabi/6.3.1/../../../../arm-none-eabi/lib/thumb/v7-m/libc.a(lib_a-puts.o)
                              src/main.o (puts)
/opt/stm32/ac6/plugins/fr.ac6.mcu.externaltools.arm-none.linux64_1.15.0.201708311556/tools/compiler/bin/../lib/gcc/arm-none-eabi/6.3.1/../../../../arm-none-eabi/lib/thumb/v7-m/libc.a(lib_a-strlen-stub.o)
                              /opt/stm32/ac6/plugins/fr.ac6.mcu.externaltools.arm-none.linux64_1.15.0.201708311556/tools/compiler/bin/../lib/gcc/arm-none-eabi/6.3.1/../../../../arm-none-eabi/lib/thumb/v7-m/libc.a(lib_a-puts.o) (strlen)
/opt/stm32/ac6/plugins/fr.ac6.mcu.externaltools.arm-none.linux64_1.15.0.201708311556/tools/compiler/bin/../lib/gcc/arm-none-eabi/6.3.1/../../../../arm-none-eabi/lib/thumb/v7-m/libc.a(lib_a-__call_atexit.o)
                              /opt/stm32/ac6/plugins/fr.ac6.mcu.externaltools.arm-none.linux64_1.15.0.201708311556/tools/compiler/bin/../lib/gcc/arm-none-eabi/6.3.1/../../../../arm-none-eabi/lib/thumb/v7-m/libc.a(lib_a-exit.o) (__call_exitprocs)
/opt/stm32/ac6/plugins/fr.ac6.mcu.externaltools.arm-none.linux64_1.15.0.201708311556/tools/compiler/bin/../lib/gcc/arm-none-eabi/6.3.1/../../../../arm-none-eabi/lib/thumb/v7-m/libc.a(lib_a-atexit.o)
                              /opt/stm32/ac6/plugins/fr.ac6.mcu.externaltools.arm-none.linux64_1.15.0.201708311556/tools/compiler/bin/../lib/gcc/arm-none-eabi/6.3.1/../../../../arm-none-eabi/lib/thumb/v7-m/libc.a(lib_a-__call_atexit.o) (atexit)
/opt/stm32/ac6/plugins/fr.ac6.mcu.externaltools.arm-none.linux64_1.15.0.201708311556/tools/compiler/bin/../lib/gcc/arm-none-eabi/6.3.1/../../../../arm-none-eabi/lib/thumb/v7-m/libc.a(lib_a-findfp.o)
                              /opt/stm32/ac6/plugins/fr.ac6.mcu.externaltools.arm-none.linux64_1.15.0.201708311556/tools/compiler/bin/../lib/gcc/arm-none-eabi/6.3.1/../../../../arm-none-eabi/lib/thumb/v7-m/libc.a(lib_a-puts.o) (__sinit)
/opt/stm32/ac6/plugins/fr.ac6.mcu.externaltools.arm-none.linux64_1.15.0.201708311556/tools/compiler/bin/../lib/gcc/arm-none-eabi/6.3.1/../../../../arm-none-eabi/lib/thumb/v7-m/libc.a(lib_a-fini.o)
[...]
Memory Configuration

Name             Origin             Length             Attributes
RAM              0x0000000020000000 0x000000000000c000 xrw
ROM              0x0000000008000000 0x0000000000040000 xr
*default*        0x0000000000000000 0xffffffffffffffff

Linker script and memory map

LOAD /opt/stm32/ac6/plugins/fr.ac6.mcu.externaltools.arm-none.linux64_1.15.0.201708311556/tools/compiler/bin/../lib/gcc/arm-none-eabi/6.3.1/thumb/v7-m/crti.o
LOAD /opt/stm32/ac6/plugins/fr.ac6.mcu.externaltools.arm-none.linux64_1.15.0.201708311556/tools/compiler/bin/../lib/gcc/arm-none-eabi/6.3.1/thumb/v7-m/crtbegin.o
LOAD /opt/stm32/ac6/plugins/fr.ac6.mcu.externaltools.arm-none.linux64_1.15.0.201708311556/tools/compiler/bin/../lib/gcc/arm-none-eabi/6.3.1/../../../../arm-none-eabi/lib/thumb/v7-m/crt0.o
LOAD CMSIS/core/core_cm3.o
LOAD StdPeriph_Driver/src/misc.o
LOAD StdPeriph_Driver/src/stm32f10x_adc.o
LOAD StdPeriph_Driver/src/stm32f10x_bkp.o
LOAD StdPeriph_Driver/src/stm32f10x_can.o
LOAD StdPeriph_Driver/src/stm32f10x_cec.o
LOAD StdPeriph_Driver/src/stm32f10x_crc.o
LOAD StdPeriph_Driver/src/stm32f10x_dac.o
LOAD StdPeriph_Driver/src/stm32f10x_dbgmcu.o
LOAD StdPeriph_Driver/src/stm32f10x_dma.o
LOAD StdPeriph_Driver/src/stm32f10x_exti.o
LOAD StdPeriph_Driver/src/stm32f10x_flash.o
LOAD StdPeriph_Driver/src/stm32f10x_fsmc.o
LOAD StdPeriph_Driver/src/stm32f10x_gpio.o
LOAD StdPeriph_Driver/src/stm32f10x_i2c.o
LOAD StdPeriph_Driver/src/stm32f10x_iwdg.o
LOAD StdPeriph_Driver/src/stm32f10x_pwr.o
LOAD StdPeriph_Driver/src/stm32f10x_rcc.o
LOAD StdPeriph_Driver/src/stm32f10x_rtc.o
LOAD StdPeriph_Driver/src/stm32f10x_sdio.o
LOAD StdPeriph_Driver/src/stm32f10x_spi.o
LOAD StdPeriph_Driver/src/stm32f10x_tim.o
LOAD StdPeriph_Driver/src/stm32f10x_usart.o
LOAD StdPeriph_Driver/src/stm32f10x_wwdg.o
LOAD src/ad9833.o
LOAD src/hc05.o
LOAD src/led.o
LOAD src/main.o
LOAD src/signals.o
LOAD src/spi.o
LOAD src/syscalls.o
LOAD src/system_stm32f10x.o
LOAD src/uart.o
LOAD startup/startup_stm32.o
LOAD /opt/stm32/ac6/plugins/fr.ac6.mcu.externaltools.arm-none.linux64_1.15.0.201708311556/tools/compiler/bin/../lib/gcc/arm-none-eabi/6.3.1/../../../../arm-none-eabi/lib/thumb/v7-m/libm.a
START GROUP
LOAD /opt/stm32/ac6/plugins/fr.ac6.mcu.externaltools.arm-none.linux64_1.15.0.201708311556/tools/compiler/bin/../lib/gcc/arm-none-eabi/6.3.1/thumb/v7-m/libgcc.a
LOAD /opt/stm32/ac6/plugins/fr.ac6.mcu.externaltools.arm-none.linux64_1.15.0.201708311556/tools/compiler/bin/../lib/gcc/arm-none-eabi/6.3.1/../../../../arm-none-eabi/lib/thumb/v7-m/libc.a
END GROUP
LOAD /opt/stm32/ac6/plugins/fr.ac6.mcu.externaltools.arm-none.linux64_1.15.0.201708311556/tools/compiler/bin/../lib/gcc/arm-none-eabi/6.3.1/thumb/v7-m/crtend.o
LOAD /opt/stm32/ac6/plugins/fr.ac6.mcu.externaltools.arm-none.linux64_1.15.0.201708311556/tools/compiler/bin/../lib/gcc/arm-none-eabi/6.3.1/thumb/v7-m/crtn.o
                0x000000002000c000                _estack = 0x2000c000
                0x0000000000000000                _Min_Heap_Size = 0x0
                0x0000000000000400                _Min_Stack_Size = 0x400

.isr_vector     0x0000000008000000      0x130
                0x0000000008000000                . = ALIGN (0x4)
 *(.isr_vector)
 .isr_vector    0x0000000008000000      0x130 startup/startup_stm32.o
                0x0000000008000000                g_pfnVectors
                0x0000000008000130                . = ALIGN (0x4)

.text           0x0000000008000130     0x2894
                0x0000000008000130                . = ALIGN (0x4)
 *(.text)
 .text          0x0000000008000130       0x6c /opt/stm32/ac6/plugins/fr.ac6.mcu.externaltools.arm-none.linux64_1.15.0.201708311556/tools/compiler/bin/../lib/gcc/arm-none-eabi/6.3.1/thumb/v7-m/crtbegin.o
 .text          0x000000000800019c       0xec /opt/stm32/ac6/plugins/fr.ac6.mcu.externaltools.arm-none.linux64_1.15.0.201708311556/tools/compiler/bin/../lib/gcc/arm-none-eabi/6.3.1/../../../../arm-none-eabi/lib/thumb/v7-m/libc.a(lib_a-memcpy.o)
                0x000000000800019c                memcpy
 *(.text*)
 .text.NVIC_Init
                0x0000000008000288       0xc4 StdPeriph_Driver/src/misc.o
                0x0000000008000288                NVIC_Init
 .text.FLASH_SetLatency
                0x000000000800034c       0x38 StdPeriph_Driver/src/stm32f10x_flash.o
                0x000000000800034c                FLASH_SetLatency
 .text.FLASH_PrefetchBufferCmd
                0x0000000008000384       0x30 StdPeriph_Driver/src/stm32f10x_flash.o
                0x0000000008000384                FLASH_PrefetchBufferCmd
 .text.GPIO_Init
                0x00000000080003b4      0x178 StdPeriph_Driver/src/stm32f10x_gpio.o
                0x00000000080003b4                GPIO_Init
 .text.GPIO_WriteBit
                0x000000000800052c       0x2e StdPeriph_Driver/src/stm32f10x_gpio.o
                0x000000000800052c                GPIO_WriteBit
 *fill*         0x000000000800055a        0x2 
 .text.RCC_DeInit
                0x000000000800055c       0x5c StdPeriph_Driver/src/stm32f10x_rcc.o
                0x000000000800055c                RCC_DeInit
 .text.RCC_HSEConfig
                0x00000000080005b8       0x5c StdPeriph_Driver/src/stm32f10x_rcc.o
                0x00000000080005b8                RCC_HSEConfig
 .text.RCC_WaitForHSEStartUp
                0x0000000008000614       0x50 StdPeriph_Driver/src/stm32f10x_rcc.o
                0x0000000008000614                RCC_WaitForHSEStartUp
 .text.RCC_PLLConfig
                0x0000000008000664       0x3c StdPeriph_Driver/src/stm32f10x_rcc.o
                0x0000000008000664                RCC_PLLConfig
 .text.RCC_PLLCmd
                0x00000000080006a0       0x20 StdPeriph_Driver/src/stm32f10x_rcc.o
                0x00000000080006a0                RCC_PLLCmd
 .text.RCC_SYSCLKConfig
                0x00000000080006c0       0x38 StdPeriph_Driver/src/stm32f10x_rcc.o
                0x00000000080006c0                RCC_SYSCLKConfig
 .text.RCC_GetSYSCLKSource
                0x00000000080006f8       0x1c StdPeriph_Driver/src/stm32f10x_rcc.o
                0x00000000080006f8                RCC_GetSYSCLKSource
 .text.RCC_HCLKConfig
                0x0000000008000714       0x38 StdPeriph_Driver/src/stm32f10x_rcc.o
                0x0000000008000714                RCC_HCLKConfig
 .text.RCC_PCLK1Config
                0x000000000800074c       0x38 StdPeriph_Driver/src/stm32f10x_rcc.o
                0x000000000800074c                RCC_PCLK1Config
 .text.RCC_PCLK2Config
                0x0000000008000784       0x38 StdPeriph_Driver/src/stm32f10x_rcc.o
                0x0000000008000784                RCC_PCLK2Config
 .text.RCC_AHBPeriphClockCmd
                0x00000000080007bc       0x3c StdPeriph_Driver/src/stm32f10x_rcc.o
                0x00000000080007bc                RCC_AHBPeriphClockCmd
 .text.RCC_APB2PeriphClockCmd
                0x00000000080007f8       0x3c StdPeriph_Driver/src/stm32f10x_rcc.o
                0x00000000080007f8                RCC_APB2PeriphClockCmd
 .text.RCC_GetFlagStatus
                0x0000000008000834       0x74 StdPeriph_Driver/src/stm32f10x_rcc.o
                0x0000000008000834                RCC_GetFlagStatus
 .text.USART_ReceiveData
                0x00000000080008a8       0x1e StdPeriph_Driver/src/stm32f10x_usart.o
                0x00000000080008a8                USART_ReceiveData
 .text.USART_GetITStatus
                0x00000000080008c6       0xb4 StdPeriph_Driver/src/stm32f10x_usart.o
                0x00000000080008c6                USART_GetITStatus
 .text.USART_ClearITPendingBit
                0x000000000800097a       0x38 StdPeriph_Driver/src/stm32f10x_usart.o
                0x000000000800097a                USART_ClearITPendingBit
 .text.led_init
                0x00000000080009b2       0x70 src/led.o
                0x00000000080009b2                led_init
 .text.led_on   0x0000000008000a22       0x42 src/led.o
                0x0000000008000a22                led_on
 .text.led_off  0x0000000008000a64       0x42 src/led.o
                0x0000000008000a64                led_off
 *fill*         0x0000000008000aa6        0x2 
 .text.DELAY_US
                0x0000000008000aa8       0x40 src/main.o
                0x0000000008000aa8                DELAY_US
 .text.DELAY_MS
                0x0000000008000ae8       0x26 src/main.o
                0x0000000008000ae8                DELAY_MS
 *fill*         0x0000000008000b0e        0x2 
 .text.main     0x0000000008000b10       0x74 src/main.o
                0x0000000008000b10                main
 .text.RCC_Configuration
                0x0000000008000b84       0xc8 src/main.o
                0x0000000008000b84                RCC_Configuration
 .text.NVIC_Configuration
                0x0000000008000c4c       0x26 src/main.o
                0x0000000008000c4c                NVIC_Configuration
 *fill*         0x0000000008000c72        0x2 
 .text.LED_INIT
                0x0000000008000c74       0x60 src/main.o
                0x0000000008000c74                LED_INIT
 .text._read    0x0000000008000cd4       0x3a src/syscalls.o
                0x0000000008000cd4                _read
 .text._write   0x0000000008000d0e       0x38 src/syscalls.o
                0x0000000008000d0e                _write
 *fill*         0x0000000008000d46        0x2 
 .text._sbrk    0x0000000008000d48       0x58 src/syscalls.o
                0x0000000008000d48                _sbrk
 .text._close   0x0000000008000da0       0x16 src/syscalls.o
                0x0000000008000da0                _close
 .text._fstat   0x0000000008000db6       0x1e src/syscalls.o
                0x0000000008000db6                _fstat
 .text._isatty  0x0000000008000dd4       0x14 src/syscalls.o
                0x0000000008000dd4                _isatty
 .text._lseek   0x0000000008000de8       0x18 src/syscalls.o
                0x0000000008000de8                _lseek
 .text.SystemInit
                0x0000000008000e00       0x68 src/system_stm32f10x.o
                0x0000000008000e00                SystemInit
 .text.SetSysClock
                0x0000000008000e68        0xc src/system_stm32f10x.o
 .text.SetSysClockTo72
                0x0000000008000e74      0x100 src/system_stm32f10x.o
 .text.USART1_IRQHandler
                0x0000000008000f74       0x74 src/uart.o
                0x0000000008000f74                USART1_IRQHandler
 .text.Reset_Handler
                0x0000000008000fe8       0x50 startup/startup_stm32.o
                0x0000000008000fe8                Reset_Handler
 .text.Default_Handler
                0x0000000008001038        0x2 startup/startup_stm32.o
                0x0000000008001038                EXTI2_IRQHandler
                0x0000000008001038                TIM8_TRG_COM_IRQHandler
                0x0000000008001038                TIM8_CC_IRQHandler
                0x0000000008001038                DebugMon_Handler
                0x0000000008001038                TIM1_CC_IRQHandler
                0x0000000008001038                HardFault_Handler
                0x0000000008001038                TIM6_IRQHandler
                0x0000000008001038                SysTick_Handler
                0x0000000008001038                PVD_IRQHandler
                0x0000000008001038                SDIO_IRQHandler
                0x0000000008001038                PendSV_Handler
                0x0000000008001038                NMI_Handler
                0x0000000008001038                EXTI3_IRQHandler
                0x0000000008001038                USB_HP_CAN_TX_IRQHandler
                0x0000000008001038                EXTI0_IRQHandler
                0x0000000008001038                I2C2_EV_IRQHandler
                0x0000000008001038                UsageFault_Handler
                0x0000000008001038                ADC1_2_IRQHandler
                0x0000000008001038                SPI1_IRQHandler
                0x0000000008001038                CAN_SCE_IRQHandler
                0x0000000008001038                TAMPER_IRQHandler
                0x0000000008001038                TIM8_UP_IRQHandler
                0x0000000008001038                DMA2_Channel2_IRQHandler
                0x0000000008001038                DMA1_Channel4_IRQHandler
                0x0000000008001038                USART3_IRQHandler
                0x0000000008001038                RTC_IRQHandler
                0x0000000008001038                DMA1_Channel7_IRQHandler
                0x0000000008001038                UART5_IRQHandler
                0x0000000008001038                ADC3_IRQHandler
                0x0000000008001038                TIM4_IRQHandler
                0x0000000008001038                CAN_RX1_IRQHandler
                0x0000000008001038                DMA2_Channel1_IRQHandler
                0x0000000008001038                I2C1_EV_IRQHandler
                0x0000000008001038                DMA1_Channel6_IRQHandler
                0x0000000008001038                UART4_IRQHandler
                0x0000000008001038                TIM3_IRQHandler
                0x0000000008001038                RCC_IRQHandler
                0x0000000008001038                TIM1_TRG_COM_IRQHandler
                0x0000000008001038                DMA1_Channel1_IRQHandler
                0x0000000008001038                Default_Handler
                0x0000000008001038                EXTI15_10_IRQHandler
                0x0000000008001038                TIM7_IRQHandler
                0x0000000008001038                TIM5_IRQHandler
                0x0000000008001038                EXTI9_5_IRQHandler
                0x0000000008001038                SPI2_IRQHandler
                0x0000000008001038                USB_LP_CAN_RX0_IRQHandler
                0x0000000008001038                MemManage_Handler
                0x0000000008001038                SVC_Handler
                0x0000000008001038                DMA1_Channel5_IRQHandler
                0x0000000008001038                EXTI4_IRQHandler
                0x0000000008001038                DMA1_Channel3_IRQHandler
                0x0000000008001038                FSMC_IRQHandler
                0x0000000008001038                TIM1_UP_IRQHandler
                0x0000000008001038                WWDG_IRQHandler
                0x0000000008001038                TIM2_IRQHandler
                0x0000000008001038                TIM1_BRK_IRQHandler
                0x0000000008001038                EXTI1_IRQHandler
                0x0000000008001038                RTCAlarm_IRQHandler
                0x0000000008001038                DMA2_Channel4_5_IRQHandler
                0x0000000008001038                USART2_IRQHandler
                0x0000000008001038                I2C2_ER_IRQHandler
                0x0000000008001038                DMA1_Channel2_IRQHandler
                0x0000000008001038                TIM8_BRK_IRQHandler
                0x0000000008001038                FLASH_IRQHandler
                0x0000000008001038                BusFault_Handler
                0x0000000008001038                SPI3_IRQHandler
                0x0000000008001038                I2C1_ER_IRQHandler
                0x0000000008001038                DMA2_Channel3_IRQHandler
 *fill*         0x000000000800103a        0x2 
 .text.__errno  0x000000000800103c        0xc /opt/stm32/ac6/plugins/fr.ac6.mcu.externaltools.arm-none.linux64_1.15.0.201708311556/tools/compiler/bin/../lib/gcc/arm-none-eabi/6.3.1/../../../../arm-none-eabi/lib/thumb/v7-m/libc.a(lib_a-errno.o)
                0x000000000800103c                __errno
 .text.__libc_init_array
                0x0000000008001048       0x50 /opt/stm32/ac6/plugins/fr.ac6.mcu.externaltools.arm-none.linux64_1.15.0.201708311556/tools/compiler/bin/../lib/gcc/arm-none-eabi/6.3.1/../../../../arm-none-eabi/lib/thumb/v7-m/libc.a(lib_a-init.o)
                0x0000000008001048                __libc_init_array
 .text.memset   0x0000000008001098       0x9c /opt/stm32/ac6/plugins/fr.ac6.mcu.externaltools.arm-none.linux64_1.15.0.201708311556/tools/compiler/bin/../lib/gcc/arm-none-eabi/6.3.1/../../../../arm-none-eabi/lib/thumb/v7-m/libc.a(lib_a-memset.o)
                0x0000000008001098                memset
 .text._puts_r  0x0000000008001134       0x9c /opt/stm32/ac6/plugins/fr.ac6.mcu.externaltools.arm-none.linux64_1.15.0.201708311556/tools/compiler/bin/../lib/gcc/arm-none-eabi/6.3.1/../../../../arm-none-eabi/lib/thumb/v7-m/libc.a(lib_a-puts.o)
                0x0000000008001134                _puts_r
 .text.puts     0x00000000080011d0       0x10 /opt/stm32/ac6/plugins/fr.ac6.mcu.externaltools.arm-none.linux64_1.15.0.201708311556/tools/compiler/bin/../lib/gcc/arm-none-eabi/6.3.1/../../../../arm-none-eabi/lib/thumb/v7-m/libc.a(lib_a-puts.o)
                0x00000000080011d0                puts
 .text.strlen   0x00000000080011e0       0x5c /opt/stm32/ac6/plugins/fr.ac6.mcu.externaltools.arm-none.linux64_1.15.0.201708311556/tools/compiler/bin/../lib/gcc/arm-none-eabi/6.3.1/../../../../arm-none-eabi/lib/thumb/v7-m/libc.a(lib_a-strlen-stub.o)
                0x00000000080011e0                strlen
 .text.startup.register_fini
                0x000000000800123c       0x14 /opt/stm32/ac6/plugins/fr.ac6.mcu.externaltools.arm-none.linux64_1.15.0.201708311556/tools/compiler/bin/../lib/gcc/arm-none-eabi/6.3.1/../../../../arm-none-eabi/lib/thumb/v7-m/libc.a(lib_a-__call_atexit.o)
 .text.atexit   0x0000000008001250        0xc /opt/stm32/ac6/plugins/fr.ac6.mcu.externaltools.arm-none.linux64_1.15.0.201708311556/tools/compiler/bin/../lib/gcc/arm-none-eabi/6.3.1/../../../../arm-none-eabi/lib/thumb/v7-m/libc.a(lib_a-atexit.o)
                0x0000000008001250                atexit
 .text._cleanup_r
                0x000000000800125c        0xc /opt/stm32/ac6/plugins/fr.ac6.mcu.externaltools.arm-none.linux64_1.15.0.201708311556/tools/compiler/bin/../lib/gcc/arm-none-eabi/6.3.1/../../../../arm-none-eabi/lib/thumb/v7-m/libc.a(lib_a-findfp.o)
                0x000000000800125c                _cleanup_r
 .text.std.isra.0
                0x0000000008001268       0x50 /opt/stm32/ac6/plugins/fr.ac6.mcu.externaltools.arm-none.linux64_1.15.0.201708311556/tools/compiler/bin/../lib/gcc/arm-none-eabi/6.3.1/../../../../arm-none-eabi/lib/thumb/v7-m/libc.a(lib_a-findfp.o)
 .text.__sinit  0x00000000080012b8       0x60 /opt/stm32/ac6/plugins/fr.ac6.mcu.externaltools.arm-none.linux64_1.15.0.201708311556/tools/compiler/bin/../lib/gcc/arm-none-eabi/6.3.1/../../../../arm-none-eabi/lib/thumb/v7-m/libc.a(lib_a-findfp.o)
                0x00000000080012b8                __sinit
 .text.__sfp_lock_acquire
                0x0000000008001318        0xc /opt/stm32/ac6/plugins/fr.ac6.mcu.externaltools.arm-none.linux64_1.15.0.201708311556/tools/compiler/bin/../lib/gcc/arm-none-eabi/6.3.1/../../../../arm-none-eabi/lib/thumb/v7-m/libc.a(lib_a-findfp.o)
                0x0000000008001318                __sfp_lock_acquire
 .text.__sfp_lock_release
                0x0000000008001324        0xc /opt/stm32/ac6/plugins/fr.ac6.mcu.externaltools.arm-none.linux64_1.15.0.201708311556/tools/compiler/bin/../lib/gcc/arm-none-eabi/6.3.1/../../../../arm-none-eabi/lib/thumb/v7-m/libc.a(lib_a-findfp.o)
                0x0000000008001324                __sfp_lock_release
 .text.__libc_fini_array
                0x0000000008001330       0x34 /opt/stm32/ac6/plugins/fr.ac6.mcu.externaltools.arm-none.linux64_1.15.0.201708311556/tools/compiler/bin/../lib/gcc/arm-none-eabi/6.3.1/../../../../arm-none-eabi/lib/thumb/v7-m/libc.a(lib_a-fini.o)
                0x0000000008001330                __libc_fini_array
 .text.__sfvwrite_r
                0x0000000008001364      0x2f4 /opt/stm32/ac6/plugins/fr.ac6.mcu.externaltools.arm-none.linux64_1.15.0.201708311556/tools/compiler/bin/../lib/gcc/arm-none-eabi/6.3.1/../../../../arm-none-eabi/lib/thumb/v7-m/libc.a(lib_a-fvwrite.o)
                0x0000000008001364                __sfvwrite_r
 .text._fwalk_reent
                0x0000000008001658       0x50 /opt/stm32/ac6/plugins/fr.ac6.mcu.externaltools.arm-none.linux64_1.15.0.201708311556/tools/compiler/bin/../lib/gcc/arm-none-eabi/6.3.1/../../../../arm-none-eabi/lib/thumb/v7-m/libc.a(lib_a-fwalk.o)
                0x0000000008001658                _fwalk_reent
 .text.__retarget_lock_init_recursive
                0x00000000080016a8        0x4 /opt/stm32/ac6/plugins/fr.ac6.mcu.externaltools.arm-none.linux64_1.15.0.201708311556/tools/compiler/bin/../lib/gcc/arm-none-eabi/6.3.1/../../../../arm-none-eabi/lib/thumb/v7-m/libc.a(lib_a-lock.o)
                0x00000000080016a8                __retarget_lock_init_recursive
 .text.__retarget_lock_close_recursive
                0x00000000080016ac        0x4 /opt/stm32/ac6/plugins/fr.ac6.mcu.externaltools.arm-none.linux64_1.15.0.201708311556/tools/compiler/bin/../lib/gcc/arm-none-eabi/6.3.1/../../../../arm-none-eabi/lib/thumb/v7-m/libc.a(lib_a-lock.o)
                0x00000000080016ac                __retarget_lock_close_recursive
 .text.__retarget_lock_acquire_recursive
                0x00000000080016b0        0x4 /opt/stm32/ac6/plugins/fr.ac6.mcu.externaltools.arm-none.linux64_1.15.0.201708311556/tools/compiler/bin/../lib/gcc/arm-none-eabi/6.3.1/../../../../arm-none-eabi/lib/thumb/v7-m/libc.a(lib_a-lock.o)
                0x00000000080016b0                __retarget_lock_acquire_recursive
 .text.__retarget_lock_release_recursive
                0x00000000080016b4        0x4 /opt/stm32/ac6/plugins/fr.ac6.mcu.externaltools.arm-none.linux64_1.15.0.201708311556/tools/compiler/bin/../lib/gcc/arm-none-eabi/6.3.1/../../../../arm-none-eabi/lib/thumb/v7-m/libc.a(lib_a-lock.o)
                0x00000000080016b4                __retarget_lock_release_recursive
 .text._malloc_r
                0x00000000080016b8      0x544 /opt/stm32/ac6/plugins/fr.ac6.mcu.externaltools.arm-none.linux64_1.15.0.201708311556/tools/compiler/bin/../lib/gcc/arm-none-eabi/6.3.1/../../../../arm-none-eabi/lib/thumb/v7-m/libc.a(lib_a-mallocr.o)
                0x00000000080016b8                _malloc_r
 .text.memchr   0x0000000008001bfc       0x8c /opt/stm32/ac6/plugins/fr.ac6.mcu.externaltools.arm-none.linux64_1.15.0.201708311556/tools/compiler/bin/../lib/gcc/arm-none-eabi/6.3.1/../../../../arm-none-eabi/lib/thumb/v7-m/libc.a(lib_a-memchr-stub.o)
                0x0000000008001bfc                memchr
 .text.memmove  0x0000000008001c88       0xc8 /opt/stm32/ac6/plugins/fr.ac6.mcu.externaltools.arm-none.linux64_1.15.0.201708311556/tools/compiler/bin/../lib/gcc/arm-none-eabi/6.3.1/../../../../arm-none-eabi/lib/thumb/v7-m/libc.a(lib_a-memmove.o)
                0x0000000008001c88                memmove
 .text.__malloc_lock
                0x0000000008001d50        0xc /opt/stm32/ac6/plugins/fr.ac6.mcu.externaltools.arm-none.linux64_1.15.0.201708311556/tools/compiler/bin/../lib/gcc/arm-none-eabi/6.3.1/../../../../arm-none-eabi/lib/thumb/v7-m/libc.a(lib_a-mlock.o)
                0x0000000008001d50                __malloc_lock
 .text.__malloc_unlock
                0x0000000008001d5c        0xc /opt/stm32/ac6/plugins/fr.ac6.mcu.externaltools.arm-none.linux64_1.15.0.201708311556/tools/compiler/bin/../lib/gcc/arm-none-eabi/6.3.1/../../../../arm-none-eabi/lib/thumb/v7-m/libc.a(lib_a-mlock.o)
                0x0000000008001d5c                __malloc_unlock
 .text._realloc_r
                0x0000000008001d68      0x36c /opt/stm32/ac6/plugins/fr.ac6.mcu.externaltools.arm-none.linux64_1.15.0.201708311556/tools/compiler/bin/../lib/gcc/arm-none-eabi/6.3.1/../../../../arm-none-eabi/lib/thumb/v7-m/libc.a(lib_a-reallocr.o)
                0x0000000008001d68                _realloc_r
 .text._sbrk_r  0x00000000080020d4       0x24 /opt/stm32/ac6/plugins/fr.ac6.mcu.externaltools.arm-none.linux64_1.15.0.201708311556/tools/compiler/bin/../lib/gcc/arm-none-eabi/6.3.1/../../../../arm-none-eabi/lib/thumb/v7-m/libc.a(lib_a-sbrkr.o)
                0x00000000080020d4                _sbrk_r
 .text.__sread  0x00000000080020f8       0x24 /opt/stm32/ac6/plugins/fr.ac6.mcu.externaltools.arm-none.linux64_1.15.0.201708311556/tools/compiler/bin/../lib/gcc/arm-none-eabi/6.3.1/../../../../arm-none-eabi/lib/thumb/v7-m/libc.a(lib_a-stdio.o)
                0x00000000080020f8                __sread
 .text.__swrite
                0x000000000800211c       0x3c /opt/stm32/ac6/plugins/fr.ac6.mcu.externaltools.arm-none.linux64_1.15.0.201708311556/tools/compiler/bin/../lib/gcc/arm-none-eabi/6.3.1/../../../../arm-none-eabi/lib/thumb/v7-m/libc.a(lib_a-stdio.o)
                0x000000000800211c                __swrite
 .text.__sseek  0x0000000008002158       0x20 /opt/stm32/ac6/plugins/fr.ac6.mcu.externaltools.arm-none.linux64_1.15.0.201708311556/tools/compiler/bin/../lib/gcc/arm-none-eabi/6.3.1/../../../../arm-none-eabi/lib/thumb/v7-m/libc.a(lib_a-stdio.o)
                0x0000000008002158                __sseek
 .text.__sclose
                0x0000000008002178        0x8 /opt/stm32/ac6/plugins/fr.ac6.mcu.externaltools.arm-none.linux64_1.15.0.201708311556/tools/compiler/bin/../lib/gcc/arm-none-eabi/6.3.1/../../../../arm-none-eabi/lib/thumb/v7-m/libc.a(lib_a-stdio.o)
                0x0000000008002178                __sclose
 .text._write_r
                0x0000000008002180       0x2c /opt/stm32/ac6/plugins/fr.ac6.mcu.externaltools.arm-none.linux64_1.15.0.201708311556/tools/compiler/bin/../lib/gcc/arm-none-eabi/6.3.1/../../../../arm-none-eabi/lib/thumb/v7-m/libc.a(lib_a-writer.o)
                0x0000000008002180                _write_r
 .text.__swsetup_r
                0x00000000080021ac       0xc8 /opt/stm32/ac6/plugins/fr.ac6.mcu.externaltools.arm-none.linux64_1.15.0.201708311556/tools/compiler/bin/../lib/gcc/arm-none-eabi/6.3.1/../../../../arm-none-eabi/lib/thumb/v7-m/libc.a(lib_a-wsetup.o)
                0x00000000080021ac                __swsetup_r
 .text.__register_exitproc
                0x0000000008002274       0xc4 /opt/stm32/ac6/plugins/fr.ac6.mcu.externaltools.arm-none.linux64_1.15.0.201708311556/tools/compiler/bin/../lib/gcc/arm-none-eabi/6.3.1/../../../../arm-none-eabi/lib/thumb/v7-m/libc.a(lib_a-__atexit.o)
                0x0000000008002274                __register_exitproc
 .text._close_r
                0x0000000008002338       0x24 /opt/stm32/ac6/plugins/fr.ac6.mcu.externaltools.arm-none.linux64_1.15.0.201708311556/tools/compiler/bin/../lib/gcc/arm-none-eabi/6.3.1/../../../../arm-none-eabi/lib/thumb/v7-m/libc.a(lib_a-closer.o)
                0x0000000008002338                _close_r
 .text._fclose_r
                0x000000000800235c       0xc4 /opt/stm32/ac6/plugins/fr.ac6.mcu.externaltools.arm-none.linux64_1.15.0.201708311556/tools/compiler/bin/../lib/gcc/arm-none-eabi/6.3.1/../../../../arm-none-eabi/lib/thumb/v7-m/libc.a(lib_a-fclose.o)
                0x000000000800235c                _fclose_r
 .text.__sflush_r
                0x0000000008002420      0x138 /opt/stm32/ac6/plugins/fr.ac6.mcu.externaltools.arm-none.linux64_1.15.0.201708311556/tools/compiler/bin/../lib/gcc/arm-none-eabi/6.3.1/../../../../arm-none-eabi/lib/thumb/v7-m/libc.a(lib_a-fflush.o)
                0x0000000008002420                __sflush_r
 .text._fflush_r
                0x0000000008002558       0x54 /opt/stm32/ac6/plugins/fr.ac6.mcu.externaltools.arm-none.linux64_1.15.0.201708311556/tools/compiler/bin/../lib/gcc/arm-none-eabi/6.3.1/../../../../arm-none-eabi/lib/thumb/v7-m/libc.a(lib_a-fflush.o)
                0x0000000008002558                _fflush_r
 .text._malloc_trim_r
                0x00000000080025ac       0xa0 /opt/stm32/ac6/plugins/fr.ac6.mcu.externaltools.arm-none.linux64_1.15.0.201708311556/tools/compiler/bin/../lib/gcc/arm-none-eabi/6.3.1/../../../../arm-none-eabi/lib/thumb/v7-m/libc.a(lib_a-freer.o)
                0x00000000080025ac                _malloc_trim_r
 .text._free_r  0x000000000800264c      0x1cc /opt/stm32/ac6/plugins/fr.ac6.mcu.externaltools.arm-none.linux64_1.15.0.201708311556/tools/compiler/bin/../lib/gcc/arm-none-eabi/6.3.1/../../../../arm-none-eabi/lib/thumb/v7-m/libc.a(lib_a-freer.o)
                0x000000000800264c                _free_r
 .text._lseek_r
                0x0000000008002818       0x2c /opt/stm32/ac6/plugins/fr.ac6.mcu.externaltools.arm-none.linux64_1.15.0.201708311556/tools/compiler/bin/../lib/gcc/arm-none-eabi/6.3.1/../../../../arm-none-eabi/lib/thumb/v7-m/libc.a(lib_a-lseekr.o)
                0x0000000008002818                _lseek_r
 .text.__swhatbuf_r
                0x0000000008002844       0x5c /opt/stm32/ac6/plugins/fr.ac6.mcu.externaltools.arm-none.linux64_1.15.0.201708311556/tools/compiler/bin/../lib/gcc/arm-none-eabi/6.3.1/../../../../arm-none-eabi/lib/thumb/v7-m/libc.a(lib_a-makebuf.o)
                0x0000000008002844                __swhatbuf_r
 .text.__smakebuf_r
                0x00000000080028a0       0x94 /opt/stm32/ac6/plugins/fr.ac6.mcu.externaltools.arm-none.linux64_1.15.0.201708311556/tools/compiler/bin/../lib/gcc/arm-none-eabi/6.3.1/../../../../arm-none-eabi/lib/thumb/v7-m/libc.a(lib_a-makebuf.o)
                0x00000000080028a0                __smakebuf_r
 .text._read_r  0x0000000008002934       0x2c /opt/stm32/ac6/plugins/fr.ac6.mcu.externaltools.arm-none.linux64_1.15.0.201708311556/tools/compiler/bin/../lib/gcc/arm-none-eabi/6.3.1/../../../../arm-none-eabi/lib/thumb/v7-m/libc.a(lib_a-readr.o)
                0x0000000008002934                _read_r
 .text._fstat_r
                0x0000000008002960       0x28 /opt/stm32/ac6/plugins/fr.ac6.mcu.externaltools.arm-none.linux64_1.15.0.201708311556/tools/compiler/bin/../lib/gcc/arm-none-eabi/6.3.1/../../../../arm-none-eabi/lib/thumb/v7-m/libc.a(lib_a-fstatr.o)
                0x0000000008002960                _fstat_r
 .text._isatty_r
                0x0000000008002988       0x24 /opt/stm32/ac6/plugins/fr.ac6.mcu.externaltools.arm-none.linux64_1.15.0.201708311556/tools/compiler/bin/../lib/gcc/arm-none-eabi/6.3.1/../../../../arm-none-eabi/lib/thumb/v7-m/libc.a(lib_a-isattyr.o)
                0x0000000008002988                _isatty_r
 *(.glue_7)
 .glue_7        0x00000000080029ac        0x0 linker stubs
 *(.glue_7t)
 .glue_7t       0x00000000080029ac        0x0 linker stubs
 *(.eh_frame)
 .eh_frame      0x00000000080029ac        0x0 /opt/stm32/ac6/plugins/fr.ac6.mcu.externaltools.arm-none.linux64_1.15.0.201708311556/tools/compiler/bin/../lib/gcc/arm-none-eabi/6.3.1/thumb/v7-m/crtbegin.o
 *(.init)
 .init          0x00000000080029ac        0x4 /opt/stm32/ac6/plugins/fr.ac6.mcu.externaltools.arm-none.linux64_1.15.0.201708311556/tools/compiler/bin/../lib/gcc/arm-none-eabi/6.3.1/thumb/v7-m/crti.o
                0x00000000080029ac                _init
 .init          0x00000000080029b0        0x8 /opt/stm32/ac6/plugins/fr.ac6.mcu.externaltools.arm-none.linux64_1.15.0.201708311556/tools/compiler/bin/../lib/gcc/arm-none-eabi/6.3.1/thumb/v7-m/crtn.o
 *(.fini)
 .fini          0x00000000080029b8        0x4 /opt/stm32/ac6/plugins/fr.ac6.mcu.externaltools.arm-none.linux64_1.15.0.201708311556/tools/compiler/bin/../lib/gcc/arm-none-eabi/6.3.1/thumb/v7-m/crti.o
                0x00000000080029b8                _fini
 .fini          0x00000000080029bc        0x8 /opt/stm32/ac6/plugins/fr.ac6.mcu.externaltools.arm-none.linux64_1.15.0.201708311556/tools/compiler/bin/../lib/gcc/arm-none-eabi/6.3.1/thumb/v7-m/crtn.o
                0x00000000080029c4                . = ALIGN (0x4)
                0x00000000080029c4                _etext = .

.vfp11_veneer   0x00000000080029c4        0x0
 .vfp11_veneer  0x00000000080029c4        0x0 linker stubs

.v4_bx          0x00000000080029c4        0x0
 .v4_bx         0x00000000080029c4        0x0 linker stubs

.iplt           0x00000000080029c4        0x0
 .iplt          0x00000000080029c4        0x0 /opt/stm32/ac6/plugins/fr.ac6.mcu.externaltools.arm-none.linux64_1.15.0.201708311556/tools/compiler/bin/../lib/gcc/arm-none-eabi/6.3.1/thumb/v7-m/crtbegin.o

.rodata         0x00000000080029c4       0x10
                0x00000000080029c4                . = ALIGN (0x4)
 *(.rodata)
 .rodata        0x00000000080029c4        0x7 src/main.o
 *(.rodata*)
 *fill*         0x00000000080029cb        0x1 
 .rodata._global_impure_ptr
                0x00000000080029cc        0x4 /opt/stm32/ac6/plugins/fr.ac6.mcu.externaltools.arm-none.linux64_1.15.0.201708311556/tools/compiler/bin/../lib/gcc/arm-none-eabi/6.3.1/../../../../arm-none-eabi/lib/thumb/v7-m/libc.a(lib_a-impure.o)
                0x00000000080029cc                _global_impure_ptr
 .rodata._puts_r.str1.4
                0x00000000080029d0        0x4 /opt/stm32/ac6/plugins/fr.ac6.mcu.externaltools.arm-none.linux64_1.15.0.201708311556/tools/compiler/bin/../lib/gcc/arm-none-eabi/6.3.1/../../../../arm-none-eabi/lib/thumb/v7-m/libc.a(lib_a-puts.o)
                                          0x2 (size before relaxing)
                0x00000000080029d4                . = ALIGN (0x4)

.rel.dyn        0x00000000080029d4        0x0
 .rel.iplt      0x00000000080029d4        0x0 /opt/stm32/ac6/plugins/fr.ac6.mcu.externaltools.arm-none.linux64_1.15.0.201708311556/tools/compiler/bin/../lib/gcc/arm-none-eabi/6.3.1/thumb/v7-m/crtbegin.o

.ARM.extab      0x00000000080029d4        0x0
                0x00000000080029d4                . = ALIGN (0x4)
 *(.ARM.extab* .gnu.linkonce.armextab.*)
                0x00000000080029d4                . = ALIGN (0x4)

.ARM            0x00000000080029d4        0x0
                0x00000000080029d4                . = ALIGN (0x4)
                0x00000000080029d4                __exidx_start = .
 *(.ARM.exidx*)
                0x00000000080029d4                __exidx_end = .
                0x00000000080029d4                . = ALIGN (0x4)

.preinit_array  0x00000000080029d4        0x0
                0x00000000080029d4                . = ALIGN (0x4)
                0x00000000080029d4                PROVIDE (__preinit_array_start, .)
 *(.preinit_array*)
                0x00000000080029d4                PROVIDE (__preinit_array_end, .)
                0x00000000080029d4                . = ALIGN (0x4)

.init_array     0x00000000080029d4        0x8
                0x00000000080029d4                . = ALIGN (0x4)
                0x00000000080029d4                PROVIDE (__init_array_start, .)
 *(SORT(.init_array.*))
 .init_array.00000
                0x00000000080029d4        0x4 /opt/stm32/ac6/plugins/fr.ac6.mcu.externaltools.arm-none.linux64_1.15.0.201708311556/tools/compiler/bin/../lib/gcc/arm-none-eabi/6.3.1/../../../../arm-none-eabi/lib/thumb/v7-m/libc.a(lib_a-__call_atexit.o)
 *(.init_array*)
 .init_array    0x00000000080029d8        0x4 /opt/stm32/ac6/plugins/fr.ac6.mcu.externaltools.arm-none.linux64_1.15.0.201708311556/tools/compiler/bin/../lib/gcc/arm-none-eabi/6.3.1/thumb/v7-m/crtbegin.o
                0x00000000080029dc                PROVIDE (__init_array_end, .)
                0x00000000080029dc                . = ALIGN (0x4)

.fini_array     0x00000000080029dc        0x4
                0x00000000080029dc                . = ALIGN (0x4)
                0x00000000080029dc                PROVIDE (__fini_array_start, .)
 *(SORT(.fini_array.*))
 *(.fini_array*)
 .fini_array    0x00000000080029dc        0x4 /opt/stm32/ac6/plugins/fr.ac6.mcu.externaltools.arm-none.linux64_1.15.0.201708311556/tools/compiler/bin/../lib/gcc/arm-none-eabi/6.3.1/thumb/v7-m/crtbegin.o
                0x00000000080029e0                PROVIDE (__fini_array_end, .)
                0x00000000080029e0                . = ALIGN (0x4)
                0x00000000080029e0                _sidata = LOADADDR (.data)

.data           0x0000000020000000      0x844 load address 0x00000000080029e0
                0x0000000020000000                . = ALIGN (0x4)
                0x0000000020000000                _sdata = .
 *(.data)
 *(.data*)
 .data._impure_ptr
                0x0000000020000000        0x4 /opt/stm32/ac6/plugins/fr.ac6.mcu.externaltools.arm-none.linux64_1.15.0.201708311556/tools/compiler/bin/../lib/gcc/arm-none-eabi/6.3.1/../../../../arm-none-eabi/lib/thumb/v7-m/libc.a(lib_a-impure.o)
                0x0000000020000000                _impure_ptr
 *fill*         0x0000000020000004        0x4 
 .data.impure_data
                0x0000000020000008      0x428 /opt/stm32/ac6/plugins/fr.ac6.mcu.externaltools.arm-none.linux64_1.15.0.201708311556/tools/compiler/bin/../lib/gcc/arm-none-eabi/6.3.1/../../../../arm-none-eabi/lib/thumb/v7-m/libc.a(lib_a-impure.o)
 .data.__atexit_recursive_mutex
                0x0000000020000430        0x4 /opt/stm32/ac6/plugins/fr.ac6.mcu.externaltools.arm-none.linux64_1.15.0.201708311556/tools/compiler/bin/../lib/gcc/arm-none-eabi/6.3.1/../../../../arm-none-eabi/lib/thumb/v7-m/libc.a(lib_a-__call_atexit.o)
                0x0000000020000430                __atexit_recursive_mutex
 .data.__malloc_av_
                0x0000000020000434      0x408 /opt/stm32/ac6/plugins/fr.ac6.mcu.externaltools.arm-none.linux64_1.15.0.201708311556/tools/compiler/bin/../lib/gcc/arm-none-eabi/6.3.1/../../../../arm-none-eabi/lib/thumb/v7-m/libc.a(lib_a-mallocr.o)
                0x0000000020000434                __malloc_av_
 .data.__malloc_sbrk_base
                0x000000002000083c        0x4 /opt/stm32/ac6/plugins/fr.ac6.mcu.externaltools.arm-none.linux64_1.15.0.201708311556/tools/compiler/bin/../lib/gcc/arm-none-eabi/6.3.1/../../../../arm-none-eabi/lib/thumb/v7-m/libc.a(lib_a-mallocr.o)
                0x000000002000083c                __malloc_sbrk_base
 .data.__malloc_trim_threshold
                0x0000000020000840        0x4 /opt/stm32/ac6/plugins/fr.ac6.mcu.externaltools.arm-none.linux64_1.15.0.201708311556/tools/compiler/bin/../lib/gcc/arm-none-eabi/6.3.1/../../../../arm-none-eabi/lib/thumb/v7-m/libc.a(lib_a-mallocr.o)
                0x0000000020000840                __malloc_trim_threshold
                0x0000000020000844                . = ALIGN (0x4)
                0x0000000020000844                _edata = .

.jcr            0x0000000020000844        0x0 load address 0x0000000008003224
 .jcr           0x0000000020000844        0x0 /opt/stm32/ac6/plugins/fr.ac6.mcu.externaltools.arm-none.linux64_1.15.0.201708311556/tools/compiler/bin/../lib/gcc/arm-none-eabi/6.3.1/thumb/v7-m/crtbegin.o

.igot.plt       0x0000000020000844        0x0 load address 0x0000000008003224
 .igot.plt      0x0000000020000844        0x0 /opt/stm32/ac6/plugins/fr.ac6.mcu.externaltools.arm-none.linux64_1.15.0.201708311556/tools/compiler/bin/../lib/gcc/arm-none-eabi/6.3.1/thumb/v7-m/crtbegin.o
                0x0000000020000844                . = ALIGN (0x4)

.bss            0x0000000020000844      0x18c load address 0x0000000008003224
                0x0000000020000844                _sbss = .
                0x0000000020000844                __bss_start__ = _sbss
 *(.bss)
 .bss           0x0000000020000844       0x1c /opt/stm32/ac6/plugins/fr.ac6.mcu.externaltools.arm-none.linux64_1.15.0.201708311556/tools/compiler/bin/../lib/gcc/arm-none-eabi/6.3.1/thumb/v7-m/crtbegin.o
 .bss           0x0000000020000860        0x8 src/syscalls.o
                0x0000000020000860                __env
 .bss           0x0000000020000868       0x37 src/uart.o
                0x000000002000086c                uartBuffer
                0x000000002000089e                UART1InfoFlag
 *(.bss*)
 *fill*         0x000000002000089f        0x1 
 .bss.__malloc_current_mallinfo
                0x00000000200008a0       0x28 /opt/stm32/ac6/plugins/fr.ac6.mcu.externaltools.arm-none.linux64_1.15.0.201708311556/tools/compiler/bin/../lib/gcc/arm-none-eabi/6.3.1/../../../../arm-none-eabi/lib/thumb/v7-m/libc.a(lib_a-mallocr.o)
                0x00000000200008a0                __malloc_current_mallinfo
 .bss.__malloc_max_sbrked_mem
                0x00000000200008c8        0x4 /opt/stm32/ac6/plugins/fr.ac6.mcu.externaltools.arm-none.linux64_1.15.0.201708311556/tools/compiler/bin/../lib/gcc/arm-none-eabi/6.3.1/../../../../arm-none-eabi/lib/thumb/v7-m/libc.a(lib_a-mallocr.o)
                0x00000000200008c8                __malloc_max_sbrked_mem
 .bss.__malloc_max_total_mem
                0x00000000200008cc        0x4 /opt/stm32/ac6/plugins/fr.ac6.mcu.externaltools.arm-none.linux64_1.15.0.201708311556/tools/compiler/bin/../lib/gcc/arm-none-eabi/6.3.1/../../../../arm-none-eabi/lib/thumb/v7-m/libc.a(lib_a-mallocr.o)
                0x00000000200008cc                __malloc_max_total_mem
 .bss.__malloc_top_pad
                0x00000000200008d0        0x4 /opt/stm32/ac6/plugins/fr.ac6.mcu.externaltools.arm-none.linux64_1.15.0.201708311556/tools/compiler/bin/../lib/gcc/arm-none-eabi/6.3.1/../../../../arm-none-eabi/lib/thumb/v7-m/libc.a(lib_a-mallocr.o)
                0x00000000200008d0                __malloc_top_pad
 *(COMMON)
 COMMON         0x00000000200008d4       0xd4 src/main.o
                0x00000000200008d4                spi_ginkgo
                0x000000002000090c                led_dev
                0x0000000020000934                spi_ad9833
                0x000000002000096c                led_dev_handle
                0x0000000020000970                ad9833_dev
 COMMON         0x00000000200009a8       0x21 /opt/stm32/ac6/plugins/fr.ac6.mcu.externaltools.arm-none.linux64_1.15.0.201708311556/tools/compiler/bin/../lib/gcc/arm-none-eabi/6.3.1/../../../../arm-none-eabi/lib/thumb/v7-m/libc.a(lib_a-lock.o)
                0x00000000200009a8                __lock___atexit_recursive_mutex
                0x00000000200009ac                __lock___arc4random_mutex
                0x00000000200009b0                __lock___env_recursive_mutex
                0x00000000200009b4                __lock___sinit_recursive_mutex
                0x00000000200009b8                __lock___malloc_recursive_mutex
                0x00000000200009bc                __lock___at_quick_exit_mutex
                0x00000000200009c0                __lock___dd_hash_mutex
                0x00000000200009c4                __lock___tz_mutex
                0x00000000200009c8                __lock___sfp_recursive_mutex
 *fill*         0x00000000200009c9        0x3 
 COMMON         0x00000000200009cc        0x4 /opt/stm32/ac6/plugins/fr.ac6.mcu.externaltools.arm-none.linux64_1.15.0.201708311556/tools/compiler/bin/../lib/gcc/arm-none-eabi/6.3.1/../../../../arm-none-eabi/lib/thumb/v7-m/libc.a(lib_a-reent.o)
                0x00000000200009cc                errno
                0x00000000200009d0                . = ALIGN (0x4)
                0x00000000200009d0                _ebss = .
                0x00000000200009d0                __bss_end__ = _ebss

._user_heap_stack
                0x00000000200009d0      0x400 load address 0x0000000008003224
                0x00000000200009d0                . = ALIGN (0x8)
                0x00000000200009d0                PROVIDE (end, .)
                [!provide]                        PROVIDE (_end, .)
                0x00000000200009d0                . = (. + _Min_Heap_Size)
                0x0000000020000dd0                . = (. + _Min_Stack_Size)
 *fill*         0x00000000200009d0      0x400 
                0x0000000020000dd0                . = ALIGN (0x8)

/DISCARD/
 libc.a(*)
 libm.a(*)
 libgcc.a(*)

.ARM.attributes
                0x0000000000000000       0x29
 *(.ARM.attributes)
 .ARM.attributes
                0x0000000000000000       0x1d /opt/stm32/ac6/plugins/fr.ac6.mcu.externaltools.arm-none.linux64_1.15.0.201708311556/tools/compiler/bin/../lib/gcc/arm-none-eabi/6.3.1/thumb/v7-m/crti.o
 .ARM.attributes
                0x000000000000001d       0x2d /opt/stm32/ac6/plugins/fr.ac6.mcu.externaltools.arm-none.linux64_1.15.0.201708311556/tools/compiler/bin/../lib/gcc/arm-none-eabi/6.3.1/thumb/v7-m/crtbegin.o
 .ARM.attributes
                0x000000000000004a       0x33 StdPeriph_Driver/src/misc.o
 .ARM.attributes
                0x000000000000007d       0x33 StdPeriph_Driver/src/stm32f10x_flash.o
 .ARM.attributes
                0x00000000000000b0       0x33 StdPeriph_Driver/src/stm32f10x_gpio.o
 .ARM.attributes
                0x00000000000000e3       0x33 StdPeriph_Driver/src/stm32f10x_rcc.o
 .ARM.attributes
                0x0000000000000116       0x33 StdPeriph_Driver/src/stm32f10x_usart.o
 .ARM.attributes
                0x0000000000000149       0x33 src/led.o
 .ARM.attributes
                0x000000000000017c       0x33 src/main.o
 .ARM.attributes
                0x00000000000001af       0x33 src/syscalls.o
 .ARM.attributes
                0x00000000000001e2       0x33 src/system_stm32f10x.o
 .ARM.attributes
                0x0000000000000215       0x33 src/uart.o
 .ARM.attributes
                0x0000000000000248       0x21 startup/startup_stm32.o
 .ARM.attributes
                0x0000000000000269       0x2d /opt/stm32/ac6/plugins/fr.ac6.mcu.externaltools.arm-none.linux64_1.15.0.201708311556/tools/compiler/bin/../lib/gcc/arm-none-eabi/6.3.1/../../../../arm-none-eabi/lib/thumb/v7-m/libc.a(lib_a-errno.o)
 .ARM.attributes
                0x0000000000000296       0x2d /opt/stm32/ac6/plugins/fr.ac6.mcu.externaltools.arm-none.linux64_1.15.0.201708311556/tools/compiler/bin/../lib/gcc/arm-none-eabi/6.3.1/../../../../arm-none-eabi/lib/thumb/v7-m/libc.a(lib_a-impure.o)
 .ARM.attributes
                0x00000000000002c3       0x2d /opt/stm32/ac6/plugins/fr.ac6.mcu.externaltools.arm-none.linux64_1.15.0.201708311556/tools/compiler/bin/../lib/gcc/arm-none-eabi/6.3.1/../../../../arm-none-eabi/lib/thumb/v7-m/libc.a(lib_a-init.o)
 .ARM.attributes
                0x00000000000002f0       0x2d /opt/stm32/ac6/plugins/fr.ac6.mcu.externaltools.arm-none.linux64_1.15.0.201708311556/tools/compiler/bin/../lib/gcc/arm-none-eabi/6.3.1/../../../../arm-none-eabi/lib/thumb/v7-m/libc.a(lib_a-memset.o)
 .ARM.attributes
                0x000000000000031d       0x2d /opt/stm32/ac6/plugins/fr.ac6.mcu.externaltools.arm-none.linux64_1.15.0.201708311556/tools/compiler/bin/../lib/gcc/arm-none-eabi/6.3.1/../../../../arm-none-eabi/lib/thumb/v7-m/libc.a(lib_a-puts.o)
 .ARM.attributes
                0x000000000000034a       0x2d /opt/stm32/ac6/plugins/fr.ac6.mcu.externaltools.arm-none.linux64_1.15.0.201708311556/tools/compiler/bin/../lib/gcc/arm-none-eabi/6.3.1/../../../../arm-none-eabi/lib/thumb/v7-m/libc.a(lib_a-strlen-stub.o)
 .ARM.attributes
                0x0000000000000377       0x2d /opt/stm32/ac6/plugins/fr.ac6.mcu.externaltools.arm-none.linux64_1.15.0.201708311556/tools/compiler/bin/../lib/gcc/arm-none-eabi/6.3.1/../../../../arm-none-eabi/lib/thumb/v7-m/libc.a(lib_a-__call_atexit.o)
 .ARM.attributes
                0x00000000000003a4       0x2d /opt/stm32/ac6/plugins/fr.ac6.mcu.externaltools.arm-none.linux64_1.15.0.201708311556/tools/compiler/bin/../lib/gcc/arm-none-eabi/6.3.1/../../../../arm-none-eabi/lib/thumb/v7-m/libc.a(lib_a-atexit.o)
 .ARM.attributes
                0x00000000000003d1       0x2d /opt/stm32/ac6/plugins/fr.ac6.mcu.externaltools.arm-none.linux64_1.15.0.201708311556/tools/compiler/bin/../lib/gcc/arm-none-eabi/6.3.1/../../../../arm-none-eabi/lib/thumb/v7-m/libc.a(lib_a-findfp.o)
 .ARM.attributes
                0x00000000000003fe       0x2d /opt/stm32/ac6/plugins/fr.ac6.mcu.externaltools.arm-none.linux64_1.15.0.201708311556/tools/compiler/bin/../lib/gcc/arm-none-eabi/6.3.1/../../../../arm-none-eabi/lib/thumb/v7-m/libc.a(lib_a-fini.o)
 .ARM.attributes
                0x000000000000042b       0x2d /opt/stm32/ac6/plugins/fr.ac6.mcu.externaltools.arm-none.linux64_1.15.0.201708311556/tools/compiler/bin/../lib/gcc/arm-none-eabi/6.3.1/../../../../arm-none-eabi/lib/thumb/v7-m/libc.a(lib_a-fvwrite.o)
 .ARM.attributes
                0x0000000000000458       0x2d /opt/stm32/ac6/plugins/fr.ac6.mcu.externaltools.arm-none.linux64_1.15.0.201708311556/tools/compiler/bin/../lib/gcc/arm-none-eabi/6.3.1/../../../../arm-none-eabi/lib/thumb/v7-m/libc.a(lib_a-fwalk.o)
 .ARM.attributes
                0x0000000000000485       0x2d /opt/stm32/ac6/plugins/fr.ac6.mcu.externaltools.arm-none.linux64_1.15.0.201708311556/tools/compiler/bin/../lib/gcc/arm-none-eabi/6.3.1/../../../../arm-none-eabi/lib/thumb/v7-m/libc.a(lib_a-lock.o)
 .ARM.attributes
                0x00000000000004b2       0x2d /opt/stm32/ac6/plugins/fr.ac6.mcu.externaltools.arm-none.linux64_1.15.0.201708311556/tools/compiler/bin/../lib/gcc/arm-none-eabi/6.3.1/../../../../arm-none-eabi/lib/thumb/v7-m/libc.a(lib_a-mallocr.o)
 .ARM.attributes
                0x00000000000004df       0x2d /opt/stm32/ac6/plugins/fr.ac6.mcu.externaltools.arm-none.linux64_1.15.0.201708311556/tools/compiler/bin/../lib/gcc/arm-none-eabi/6.3.1/../../../../arm-none-eabi/lib/thumb/v7-m/libc.a(lib_a-memchr-stub.o)
 .ARM.attributes
                0x000000000000050c       0x1b /opt/stm32/ac6/plugins/fr.ac6.mcu.externaltools.arm-none.linux64_1.15.0.201708311556/tools/compiler/bin/../lib/gcc/arm-none-eabi/6.3.1/../../../../arm-none-eabi/lib/thumb/v7-m/libc.a(lib_a-memcpy.o)
 .ARM.attributes
                0x0000000000000527       0x2d /opt/stm32/ac6/plugins/fr.ac6.mcu.externaltools.arm-none.linux64_1.15.0.201708311556/tools/compiler/bin/../lib/gcc/arm-none-eabi/6.3.1/../../../../arm-none-eabi/lib/thumb/v7-m/libc.a(lib_a-memmove.o)
 .ARM.attributes
                0x0000000000000554       0x2d /opt/stm32/ac6/plugins/fr.ac6.mcu.externaltools.arm-none.linux64_1.15.0.201708311556/tools/compiler/bin/../lib/gcc/arm-none-eabi/6.3.1/../../../../arm-none-eabi/lib/thumb/v7-m/libc.a(lib_a-mlock.o)
 .ARM.attributes
                0x0000000000000581       0x2d /opt/stm32/ac6/plugins/fr.ac6.mcu.externaltools.arm-none.linux64_1.15.0.201708311556/tools/compiler/bin/../lib/gcc/arm-none-eabi/6.3.1/../../../../arm-none-eabi/lib/thumb/v7-m/libc.a(lib_a-reallocr.o)
 .ARM.attributes
                0x00000000000005ae       0x2d /opt/stm32/ac6/plugins/fr.ac6.mcu.externaltools.arm-none.linux64_1.15.0.201708311556/tools/compiler/bin/../lib/gcc/arm-none-eabi/6.3.1/../../../../arm-none-eabi/lib/thumb/v7-m/libc.a(lib_a-sbrkr.o)
 .ARM.attributes
                0x00000000000005db       0x2d /opt/stm32/ac6/plugins/fr.ac6.mcu.externaltools.arm-none.linux64_1.15.0.201708311556/tools/compiler/bin/../lib/gcc/arm-none-eabi/6.3.1/../../../../arm-none-eabi/lib/thumb/v7-m/libc.a(lib_a-stdio.o)
 .ARM.attributes
                0x0000000000000608       0x2d /opt/stm32/ac6/plugins/fr.ac6.mcu.externaltools.arm-none.linux64_1.15.0.201708311556/tools/compiler/bin/../lib/gcc/arm-none-eabi/6.3.1/../../../../arm-none-eabi/lib/thumb/v7-m/libc.a(lib_a-writer.o)
 .ARM.attributes
                0x0000000000000635       0x2d /opt/stm32/ac6/plugins/fr.ac6.mcu.externaltools.arm-none.linux64_1.15.0.201708311556/tools/compiler/bin/../lib/gcc/arm-none-eabi/6.3.1/../../../../arm-none-eabi/lib/thumb/v7-m/libc.a(lib_a-wsetup.o)
 .ARM.attributes
                0x0000000000000662       0x2d /opt/stm32/ac6/plugins/fr.ac6.mcu.externaltools.arm-none.linux64_1.15.0.201708311556/tools/compiler/bin/../lib/gcc/arm-none-eabi/6.3.1/../../../../arm-none-eabi/lib/thumb/v7-m/libc.a(lib_a-__atexit.o)
 .ARM.attributes
                0x000000000000068f       0x2d /opt/stm32/ac6/plugins/fr.ac6.mcu.externaltools.arm-none.linux64_1.15.0.201708311556/tools/compiler/bin/../lib/gcc/arm-none-eabi/6.3.1/../../../../arm-none-eabi/lib/thumb/v7-m/libc.a(lib_a-closer.o)
 .ARM.attributes
                0x00000000000006bc       0x2d /opt/stm32/ac6/plugins/fr.ac6.mcu.externaltools.arm-none.linux64_1.15.0.201708311556/tools/compiler/bin/../lib/gcc/arm-none-eabi/6.3.1/../../../../arm-none-eabi/lib/thumb/v7-m/libc.a(lib_a-fclose.o)
 .ARM.attributes
                0x00000000000006e9       0x2d /opt/stm32/ac6/plugins/fr.ac6.mcu.externaltools.arm-none.linux64_1.15.0.201708311556/tools/compiler/bin/../lib/gcc/arm-none-eabi/6.3.1/../../../../arm-none-eabi/lib/thumb/v7-m/libc.a(lib_a-fflush.o)
 .ARM.attributes
                0x0000000000000716       0x2d /opt/stm32/ac6/plugins/fr.ac6.mcu.externaltools.arm-none.linux64_1.15.0.201708311556/tools/compiler/bin/../lib/gcc/arm-none-eabi/6.3.1/../../../../arm-none-eabi/lib/thumb/v7-m/libc.a(lib_a-freer.o)
 .ARM.attributes
                0x0000000000000743       0x2d /opt/stm32/ac6/plugins/fr.ac6.mcu.externaltools.arm-none.linux64_1.15.0.201708311556/tools/compiler/bin/../lib/gcc/arm-none-eabi/6.3.1/../../../../arm-none-eabi/lib/thumb/v7-m/libc.a(lib_a-lseekr.o)
 .ARM.attributes
                0x0000000000000770       0x2d /opt/stm32/ac6/plugins/fr.ac6.mcu.externaltools.arm-none.linux64_1.15.0.201708311556/tools/compiler/bin/../lib/gcc/arm-none-eabi/6.3.1/../../../../arm-none-eabi/lib/thumb/v7-m/libc.a(lib_a-makebuf.o)
 .ARM.attributes
                0x000000000000079d       0x2d /opt/stm32/ac6/plugins/fr.ac6.mcu.externaltools.arm-none.linux64_1.15.0.201708311556/tools/compiler/bin/../lib/gcc/arm-none-eabi/6.3.1/../../../../arm-none-eabi/lib/thumb/v7-m/libc.a(lib_a-readr.o)
 .ARM.attributes
                0x00000000000007ca       0x2d /opt/stm32/ac6/plugins/fr.ac6.mcu.externaltools.arm-none.linux64_1.15.0.201708311556/tools/compiler/bin/../lib/gcc/arm-none-eabi/6.3.1/../../../../arm-none-eabi/lib/thumb/v7-m/libc.a(lib_a-reent.o)
 .ARM.attributes
                0x00000000000007f7       0x2d /opt/stm32/ac6/plugins/fr.ac6.mcu.externaltools.arm-none.linux64_1.15.0.201708311556/tools/compiler/bin/../lib/gcc/arm-none-eabi/6.3.1/../../../../arm-none-eabi/lib/thumb/v7-m/libc.a(lib_a-fstatr.o)
 .ARM.attributes
                0x0000000000000824       0x2d /opt/stm32/ac6/plugins/fr.ac6.mcu.externaltools.arm-none.linux64_1.15.0.201708311556/tools/compiler/bin/../lib/gcc/arm-none-eabi/6.3.1/../../../../arm-none-eabi/lib/thumb/v7-m/libc.a(lib_a-isattyr.o)
 .ARM.attributes
                0x0000000000000851       0x1d /opt/stm32/ac6/plugins/fr.ac6.mcu.externaltools.arm-none.linux64_1.15.0.201708311556/tools/compiler/bin/../lib/gcc/arm-none-eabi/6.3.1/thumb/v7-m/crtn.o
OUTPUT(GINKGO_SPI_STM32_AC6.elf elf32-littlearm)

.debug_info     0x0000000000000000     0x6421
 .debug_info    0x0000000000000000      0x4ed StdPeriph_Driver/src/misc.o
 .debug_info    0x00000000000004ed      0x7b6 StdPeriph_Driver/src/stm32f10x_flash.o
 .debug_info    0x0000000000000ca3      0x6ef StdPeriph_Driver/src/stm32f10x_gpio.o
 .debug_info    0x0000000000001392      0x8a0 StdPeriph_Driver/src/stm32f10x_rcc.o
 .debug_info    0x0000000000001c32      0x9e9 StdPeriph_Driver/src/stm32f10x_usart.o
 .debug_info    0x000000000000261b      0x80e src/led.o
 .debug_info    0x0000000000002e29     0x1305 src/main.o
 .debug_info    0x000000000000412e      0xf2a src/syscalls.o
 .debug_info    0x0000000000005058      0x456 src/system_stm32f10x.o
 .debug_info    0x00000000000054ae      0xefe src/uart.o
 .debug_info    0x00000000000063ac       0x75 startup/startup_stm32.o

.debug_abbrev   0x0000000000000000     0x1337
 .debug_abbrev  0x0000000000000000      0x184 StdPeriph_Driver/src/misc.o
 .debug_abbrev  0x0000000000000184      0x1a3 StdPeriph_Driver/src/stm32f10x_flash.o
 .debug_abbrev  0x0000000000000327      0x1e0 StdPeriph_Driver/src/stm32f10x_gpio.o
 .debug_abbrev  0x0000000000000507      0x1d2 StdPeriph_Driver/src/stm32f10x_rcc.o
 .debug_abbrev  0x00000000000006d9      0x192 StdPeriph_Driver/src/stm32f10x_usart.o
 .debug_abbrev  0x000000000000086b      0x18c src/led.o
 .debug_abbrev  0x00000000000009f7      0x2a1 src/main.o
 .debug_abbrev  0x0000000000000c98      0x2aa src/syscalls.o
 .debug_abbrev  0x0000000000000f42      0x19c src/system_stm32f10x.o
 .debug_abbrev  0x00000000000010de      0x247 src/uart.o
 .debug_abbrev  0x0000000000001325       0x12 startup/startup_stm32.o

.debug_aranges  0x0000000000000000      0x618
 .debug_aranges
                0x0000000000000000       0x40 StdPeriph_Driver/src/misc.o
 .debug_aranges
                0x0000000000000040       0xf8 StdPeriph_Driver/src/stm32f10x_flash.o
 .debug_aranges
                0x0000000000000138       0xa8 StdPeriph_Driver/src/stm32f10x_gpio.o
 .debug_aranges
                0x00000000000001e0      0x118 StdPeriph_Driver/src/stm32f10x_rcc.o
 .debug_aranges
                0x00000000000002f8      0x100 StdPeriph_Driver/src/stm32f10x_usart.o
 .debug_aranges
                0x00000000000003f8       0x30 src/led.o
 .debug_aranges
                0x0000000000000428       0x58 src/main.o
 .debug_aranges
                0x0000000000000480       0xb0 src/syscalls.o
 .debug_aranges
                0x0000000000000530       0x38 src/system_stm32f10x.o
 .debug_aranges
                0x0000000000000568       0x88 src/uart.o
 .debug_aranges
                0x00000000000005f0       0x28 startup/startup_stm32.o

.debug_ranges   0x0000000000000000      0x570
 .debug_ranges  0x0000000000000000       0x30 StdPeriph_Driver/src/misc.o
 .debug_ranges  0x0000000000000030       0xe8 StdPeriph_Driver/src/stm32f10x_flash.o
 .debug_ranges  0x0000000000000118       0x98 StdPeriph_Driver/src/stm32f10x_gpio.o
 .debug_ranges  0x00000000000001b0      0x108 StdPeriph_Driver/src/stm32f10x_rcc.o
 .debug_ranges  0x00000000000002b8       0xf0 StdPeriph_Driver/src/stm32f10x_usart.o
 .debug_ranges  0x00000000000003a8       0x20 src/led.o
 .debug_ranges  0x00000000000003c8       0x48 src/main.o
 .debug_ranges  0x0000000000000410       0xa0 src/syscalls.o
 .debug_ranges  0x00000000000004b0       0x28 src/system_stm32f10x.o
 .debug_ranges  0x00000000000004d8       0x78 src/uart.o
 .debug_ranges  0x0000000000000550       0x20 startup/startup_stm32.o

.debug_macro    0x0000000000000000     0xea35
 .debug_macro   0x0000000000000000      0x18b StdPeriph_Driver/src/misc.o
 .debug_macro   0x000000000000018b       0x56 StdPeriph_Driver/src/misc.o
 .debug_macro   0x00000000000001e1       0x22 StdPeriph_Driver/src/misc.o
 .debug_macro   0x0000000000000203      0x69f StdPeriph_Driver/src/misc.o
 .debug_macro   0x00000000000008a2     0x7e6d StdPeriph_Driver/src/misc.o
 .debug_macro   0x000000000000870f      0x2df StdPeriph_Driver/src/misc.o
 .debug_macro   0x00000000000089ee      0x144 StdPeriph_Driver/src/misc.o
 .debug_macro   0x0000000000008b32      0x3cf StdPeriph_Driver/src/misc.o
 .debug_macro   0x0000000000008f01       0xc8 StdPeriph_Driver/src/misc.o
 .debug_macro   0x0000000000008fc9      0x17a StdPeriph_Driver/src/misc.o
 .debug_macro   0x0000000000009143       0xac StdPeriph_Driver/src/misc.o
 .debug_macro   0x00000000000091ef      0x3ad StdPeriph_Driver/src/misc.o
 .debug_macro   0x000000000000959c       0x9a StdPeriph_Driver/src/misc.o
 .debug_macro   0x0000000000009636      0x2cf StdPeriph_Driver/src/misc.o
 .debug_macro   0x0000000000009905      0x279 StdPeriph_Driver/src/misc.o
 .debug_macro   0x0000000000009b7e      0x2ac StdPeriph_Driver/src/misc.o
 .debug_macro   0x0000000000009e2a      0x2b1 StdPeriph_Driver/src/misc.o
 .debug_macro   0x000000000000a0db       0x64 StdPeriph_Driver/src/misc.o
 .debug_macro   0x000000000000a13f       0x82 StdPeriph_Driver/src/misc.o
 .debug_macro   0x000000000000a1c1      0x3e2 StdPeriph_Driver/src/misc.o
 .debug_macro   0x000000000000a5a3       0x58 StdPeriph_Driver/src/misc.o
 .debug_macro   0x000000000000a5fb      0x341 StdPeriph_Driver/src/misc.o
 .debug_macro   0x000000000000a93c      0x2c4 StdPeriph_Driver/src/misc.o
 .debug_macro   0x000000000000ac00      0x711 StdPeriph_Driver/src/misc.o
 .debug_macro   0x000000000000b311      0x220 StdPeriph_Driver/src/misc.o
 .debug_macro   0x000000000000b531       0x34 StdPeriph_Driver/src/misc.o
 .debug_macro   0x000000000000b565       0x35 StdPeriph_Driver/src/misc.o
 .debug_macro   0x000000000000b59a       0x85 StdPeriph_Driver/src/misc.o
 .debug_macro   0x000000000000b61f      0x22d StdPeriph_Driver/src/stm32f10x_flash.o
 .debug_macro   0x000000000000b84c      0x2c9 StdPeriph_Driver/src/stm32f10x_flash.o
 .debug_macro   0x000000000000bb15      0x1d7 StdPeriph_Driver/src/stm32f10x_gpio.o
 .debug_macro   0x000000000000bcec      0x2a6 StdPeriph_Driver/src/stm32f10x_gpio.o
 .debug_macro   0x000000000000bf92      0x2a1 StdPeriph_Driver/src/stm32f10x_rcc.o
 .debug_macro   0x000000000000c233      0x3dc StdPeriph_Driver/src/stm32f10x_rcc.o
 .debug_macro   0x000000000000c60f      0x23d StdPeriph_Driver/src/stm32f10x_usart.o
 .debug_macro   0x000000000000c84c      0x21a StdPeriph_Driver/src/stm32f10x_usart.o
 .debug_macro   0x000000000000ca66      0x1d5 src/led.o
 .debug_macro   0x000000000000cc3b      0x31f src/main.o
 .debug_macro   0x000000000000cf5a       0x58 src/main.o
 .debug_macro   0x000000000000cfb2       0x35 src/main.o
 .debug_macro   0x000000000000cfe7       0x9c src/main.o
 .debug_macro   0x000000000000d083       0x16 src/main.o
 .debug_macro   0x000000000000d099       0x97 src/main.o
 .debug_macro   0x000000000000d130      0x330 src/main.o
 .debug_macro   0x000000000000d460       0xfd src/main.o
 .debug_macro   0x000000000000d55d       0x10 src/main.o
 .debug_macro   0x000000000000d56d       0x58 src/main.o
 .debug_macro   0x000000000000d5c5       0x1f src/main.o
 .debug_macro   0x000000000000d5e4       0x43 src/main.o
 .debug_macro   0x000000000000d627       0x20 src/main.o
 .debug_macro   0x000000000000d647      0x187 src/main.o
 .debug_macro   0x000000000000d7ce       0x10 src/main.o
 .debug_macro   0x000000000000d7de       0x1c src/main.o
 .debug_macro   0x000000000000d7fa       0x52 src/main.o
 .debug_macro   0x000000000000d84c       0x40 src/main.o
 .debug_macro   0x000000000000d88c       0x10 src/main.o
 .debug_macro   0x000000000000d89c       0x40 src/main.o
 .debug_macro   0x000000000000d8dc       0xd7 src/main.o
 .debug_macro   0x000000000000d9b3       0x16 src/main.o
 .debug_macro   0x000000000000d9c9      0x18b src/main.o
 .debug_macro   0x000000000000db54      0x236 src/syscalls.o
 .debug_macro   0x000000000000dd8a       0x52 src/syscalls.o
 .debug_macro   0x000000000000dddc       0x8d src/syscalls.o
 .debug_macro   0x000000000000de69       0x57 src/syscalls.o
 .debug_macro   0x000000000000dec0      0x174 src/syscalls.o
 .debug_macro   0x000000000000e034       0x10 src/syscalls.o
 .debug_macro   0x000000000000e044       0x35 src/syscalls.o
 .debug_macro   0x000000000000e079       0x10 src/syscalls.o
 .debug_macro   0x000000000000e089       0x10 src/syscalls.o
 .debug_macro   0x000000000000e099       0x35 src/syscalls.o
 .debug_macro   0x000000000000e0ce      0x122 src/syscalls.o
 .debug_macro   0x000000000000e1f0       0x16 src/syscalls.o
 .debug_macro   0x000000000000e206       0x16 src/syscalls.o
 .debug_macro   0x000000000000e21c       0x29 src/syscalls.o
 .debug_macro   0x000000000000e245       0x10 src/syscalls.o
 .debug_macro   0x000000000000e255      0x241 src/syscalls.o
 .debug_macro   0x000000000000e496       0x1c src/syscalls.o
 .debug_macro   0x000000000000e4b2       0x10 src/syscalls.o
 .debug_macro   0x000000000000e4c2      0x159 src/syscalls.o
 .debug_macro   0x000000000000e61b       0x16 src/syscalls.o
 .debug_macro   0x000000000000e631       0x88 src/syscalls.o
 .debug_macro   0x000000000000e6b9      0x188 src/system_stm32f10x.o
 .debug_macro   0x000000000000e841      0x1e4 src/uart.o
 .debug_macro   0x000000000000ea25       0x10 src/uart.o

.debug_line     0x0000000000000000     0x47c4
 .debug_line    0x0000000000000000      0x5d8 StdPeriph_Driver/src/misc.o
 .debug_line    0x00000000000005d8      0x856 StdPeriph_Driver/src/stm32f10x_flash.o
 .debug_line    0x0000000000000e2e      0x75b StdPeriph_Driver/src/stm32f10x_gpio.o
 .debug_line    0x0000000000001589      0x857 StdPeriph_Driver/src/stm32f10x_rcc.o
 .debug_line    0x0000000000001de0      0x829 StdPeriph_Driver/src/stm32f10x_usart.o
 .debug_line    0x0000000000002609      0x619 src/led.o
 .debug_line    0x0000000000002c22      0x80a src/main.o
 .debug_line    0x000000000000342c      0x5bc src/syscalls.o
 .debug_line    0x00000000000039e8      0x610 src/system_stm32f10x.o
 .debug_line    0x0000000000003ff8      0x750 src/uart.o
 .debug_line    0x0000000000004748       0x7c startup/startup_stm32.o

.debug_str      0x0000000000000000    0x5510d
 .debug_str     0x0000000000000000    0x4cf70 StdPeriph_Driver/src/misc.o
                                      0x4d0e1 (size before relaxing)
 .debug_str     0x000000000004cf70      0x812 StdPeriph_Driver/src/stm32f10x_flash.o
                                      0x4d6cb (size before relaxing)
 .debug_str     0x000000000004d782      0x5a4 StdPeriph_Driver/src/stm32f10x_gpio.o
                                      0x4d459 (size before relaxing)
 .debug_str     0x000000000004dd26      0xb54 StdPeriph_Driver/src/stm32f10x_rcc.o
                                      0x4da3f (size before relaxing)
 .debug_str     0x000000000004e87a      0x804 StdPeriph_Driver/src/stm32f10x_usart.o
                                      0x4d769 (size before relaxing)
 .debug_str     0x000000000004f07e      0x76d src/led.o
                                      0x4d758 (size before relaxing)
 .debug_str     0x000000000004f7eb     0x4402 src/main.o
                                      0x51bed (size before relaxing)
 .debug_str     0x0000000000053bed     0x119e src/syscalls.o
                                       0x7d2d (size before relaxing)
 .debug_str     0x0000000000054d8b       0x86 src/system_stm32f10x.o
                                      0x4cfed (size before relaxing)
 .debug_str     0x0000000000054e11      0x2fc src/uart.o
                                      0x4defa (size before relaxing)

.comment        0x0000000000000000       0x7f
 .comment       0x0000000000000000       0x7f StdPeriph_Driver/src/misc.o
                                         0x80 (size before relaxing)
 .comment       0x000000000000007f       0x80 StdPeriph_Driver/src/stm32f10x_flash.o
 .comment       0x000000000000007f       0x80 StdPeriph_Driver/src/stm32f10x_gpio.o
 .comment       0x000000000000007f       0x80 StdPeriph_Driver/src/stm32f10x_rcc.o
 .comment       0x000000000000007f       0x80 StdPeriph_Driver/src/stm32f10x_usart.o
 .comment       0x000000000000007f       0x80 src/led.o
 .comment       0x000000000000007f       0x80 src/main.o
 .comment       0x000000000000007f       0x80 src/syscalls.o
 .comment       0x000000000000007f       0x80 src/system_stm32f10x.o
 .comment       0x000000000000007f       0x80 src/uart.o

.debug_frame    0x0000000000000000     0x21f4
 .debug_frame   0x0000000000000000       0xd8 StdPeriph_Driver/src/misc.o
 .debug_frame   0x00000000000000d8      0x410 StdPeriph_Driver/src/stm32f10x_flash.o
 .debug_frame   0x00000000000004e8      0x2d0 StdPeriph_Driver/src/stm32f10x_gpio.o
 .debug_frame   0x00000000000007b8      0x4f4 StdPeriph_Driver/src/stm32f10x_rcc.o
 .debug_frame   0x0000000000000cac      0x490 StdPeriph_Driver/src/stm32f10x_usart.o
 .debug_frame   0x000000000000113c       0x7c src/led.o
 .debug_frame   0x00000000000011b8      0x130 src/main.o
 .debug_frame   0x00000000000012e8      0x2d4 src/syscalls.o
 .debug_frame   0x00000000000015bc       0x98 src/system_stm32f10x.o
 .debug_frame   0x0000000000001654      0x204 src/uart.o
 .debug_frame   0x0000000000001858       0x20 /opt/stm32/ac6/plugins/fr.ac6.mcu.externaltools.arm-none.linux64_1.15.0.201708311556/tools/compiler/bin/../lib/gcc/arm-none-eabi/6.3.1/../../../../arm-none-eabi/lib/thumb/v7-m/libc.a(lib_a-errno.o)
 .debug_frame   0x0000000000001878       0x2c /opt/stm32/ac6/plugins/fr.ac6.mcu.externaltools.arm-none.linux64_1.15.0.201708311556/tools/compiler/bin/../lib/gcc/arm-none-eabi/6.3.1/../../../../arm-none-eabi/lib/thumb/v7-m/libc.a(lib_a-init.o)
 .debug_frame   0x00000000000018a4       0x34 /opt/stm32/ac6/plugins/fr.ac6.mcu.externaltools.arm-none.linux64_1.15.0.201708311556/tools/compiler/bin/../lib/gcc/arm-none-eabi/6.3.1/../../../../arm-none-eabi/lib/thumb/v7-m/libc.a(lib_a-memset.o)
 .debug_frame   0x00000000000018d8       0x4c /opt/stm32/ac6/plugins/fr.ac6.mcu.externaltools.arm-none.linux64_1.15.0.201708311556/tools/compiler/bin/../lib/gcc/arm-none-eabi/6.3.1/../../../../arm-none-eabi/lib/thumb/v7-m/libc.a(lib_a-puts.o)
 .debug_frame   0x0000000000001924       0x20 /opt/stm32/ac6/plugins/fr.ac6.mcu.externaltools.arm-none.linux64_1.15.0.201708311556/tools/compiler/bin/../lib/gcc/arm-none-eabi/6.3.1/../../../../arm-none-eabi/lib/thumb/v7-m/libc.a(lib_a-strlen-stub.o)
 .debug_frame   0x0000000000001944       0x5c /opt/stm32/ac6/plugins/fr.ac6.mcu.externaltools.arm-none.linux64_1.15.0.201708311556/tools/compiler/bin/../lib/gcc/arm-none-eabi/6.3.1/../../../../arm-none-eabi/lib/thumb/v7-m/libc.a(lib_a-__call_atexit.o)
 .debug_frame   0x00000000000019a0       0x20 /opt/stm32/ac6/plugins/fr.ac6.mcu.externaltools.arm-none.linux64_1.15.0.201708311556/tools/compiler/bin/../lib/gcc/arm-none-eabi/6.3.1/../../../../arm-none-eabi/lib/thumb/v7-m/libc.a(lib_a-atexit.o)
 .debug_frame   0x00000000000019c0      0x150 /opt/stm32/ac6/plugins/fr.ac6.mcu.externaltools.arm-none.linux64_1.15.0.201708311556/tools/compiler/bin/../lib/gcc/arm-none-eabi/6.3.1/../../../../arm-none-eabi/lib/thumb/v7-m/libc.a(lib_a-findfp.o)
 .debug_frame   0x0000000000001b10       0x34 /opt/stm32/ac6/plugins/fr.ac6.mcu.externaltools.arm-none.linux64_1.15.0.201708311556/tools/compiler/bin/../lib/gcc/arm-none-eabi/6.3.1/../../../../arm-none-eabi/lib/thumb/v7-m/libc.a(lib_a-fini.o)
 .debug_frame   0x0000000000001b44       0x68 /opt/stm32/ac6/plugins/fr.ac6.mcu.externaltools.arm-none.linux64_1.15.0.201708311556/tools/compiler/bin/../lib/gcc/arm-none-eabi/6.3.1/../../../../arm-none-eabi/lib/thumb/v7-m/libc.a(lib_a-fvwrite.o)
 .debug_frame   0x0000000000001bac       0x54 /opt/stm32/ac6/plugins/fr.ac6.mcu.externaltools.arm-none.linux64_1.15.0.201708311556/tools/compiler/bin/../lib/gcc/arm-none-eabi/6.3.1/../../../../arm-none-eabi/lib/thumb/v7-m/libc.a(lib_a-fwalk.o)
 .debug_frame   0x0000000000001c00       0xb0 /opt/stm32/ac6/plugins/fr.ac6.mcu.externaltools.arm-none.linux64_1.15.0.201708311556/tools/compiler/bin/../lib/gcc/arm-none-eabi/6.3.1/../../../../arm-none-eabi/lib/thumb/v7-m/libc.a(lib_a-lock.o)
 .debug_frame   0x0000000000001cb0       0x54 /opt/stm32/ac6/plugins/fr.ac6.mcu.externaltools.arm-none.linux64_1.15.0.201708311556/tools/compiler/bin/../lib/gcc/arm-none-eabi/6.3.1/../../../../arm-none-eabi/lib/thumb/v7-m/libc.a(lib_a-mallocr.o)
 .debug_frame   0x0000000000001d04       0x34 /opt/stm32/ac6/plugins/fr.ac6.mcu.externaltools.arm-none.linux64_1.15.0.201708311556/tools/compiler/bin/../lib/gcc/arm-none-eabi/6.3.1/../../../../arm-none-eabi/lib/thumb/v7-m/libc.a(lib_a-memchr-stub.o)
 .debug_frame   0x0000000000001d38       0x30 /opt/stm32/ac6/plugins/fr.ac6.mcu.externaltools.arm-none.linux64_1.15.0.201708311556/tools/compiler/bin/../lib/gcc/arm-none-eabi/6.3.1/../../../../arm-none-eabi/lib/thumb/v7-m/libc.a(lib_a-memmove.o)
 .debug_frame   0x0000000000001d68       0x30 /opt/stm32/ac6/plugins/fr.ac6.mcu.externaltools.arm-none.linux64_1.15.0.201708311556/tools/compiler/bin/../lib/gcc/arm-none-eabi/6.3.1/../../../../arm-none-eabi/lib/thumb/v7-m/libc.a(lib_a-mlock.o)
 .debug_frame   0x0000000000001d98       0x68 /opt/stm32/ac6/plugins/fr.ac6.mcu.externaltools.arm-none.linux64_1.15.0.201708311556/tools/compiler/bin/../lib/gcc/arm-none-eabi/6.3.1/../../../../arm-none-eabi/lib/thumb/v7-m/libc.a(lib_a-reallocr.o)
 .debug_frame   0x0000000000001e00       0x2c /opt/stm32/ac6/plugins/fr.ac6.mcu.externaltools.arm-none.linux64_1.15.0.201708311556/tools/compiler/bin/../lib/gcc/arm-none-eabi/6.3.1/../../../../arm-none-eabi/lib/thumb/v7-m/libc.a(lib_a-sbrkr.o)
 .debug_frame   0x0000000000001e2c       0x88 /opt/stm32/ac6/plugins/fr.ac6.mcu.externaltools.arm-none.linux64_1.15.0.201708311556/tools/compiler/bin/../lib/gcc/arm-none-eabi/6.3.1/../../../../arm-none-eabi/lib/thumb/v7-m/libc.a(lib_a-stdio.o)
 .debug_frame   0x0000000000001eb4       0x30 /opt/stm32/ac6/plugins/fr.ac6.mcu.externaltools.arm-none.linux64_1.15.0.201708311556/tools/compiler/bin/../lib/gcc/arm-none-eabi/6.3.1/../../../../arm-none-eabi/lib/thumb/v7-m/libc.a(lib_a-writer.o)
 .debug_frame   0x0000000000001ee4       0x2c /opt/stm32/ac6/plugins/fr.ac6.mcu.externaltools.arm-none.linux64_1.15.0.201708311556/tools/compiler/bin/../lib/gcc/arm-none-eabi/6.3.1/../../../../arm-none-eabi/lib/thumb/v7-m/libc.a(lib_a-wsetup.o)
 .debug_frame   0x0000000000001f10       0x34 /opt/stm32/ac6/plugins/fr.ac6.mcu.externaltools.arm-none.linux64_1.15.0.201708311556/tools/compiler/bin/../lib/gcc/arm-none-eabi/6.3.1/../../../../arm-none-eabi/lib/thumb/v7-m/libc.a(lib_a-__atexit.o)
 .debug_frame   0x0000000000001f44       0x2c /opt/stm32/ac6/plugins/fr.ac6.mcu.externaltools.arm-none.linux64_1.15.0.201708311556/tools/compiler/bin/../lib/gcc/arm-none-eabi/6.3.1/../../../../arm-none-eabi/lib/thumb/v7-m/libc.a(lib_a-closer.o)
 .debug_frame   0x0000000000001f70       0x3c /opt/stm32/ac6/plugins/fr.ac6.mcu.externaltools.arm-none.linux64_1.15.0.201708311556/tools/compiler/bin/../lib/gcc/arm-none-eabi/6.3.1/../../../../arm-none-eabi/lib/thumb/v7-m/libc.a(lib_a-fclose.o)
 .debug_frame   0x0000000000001fac       0x5c /opt/stm32/ac6/plugins/fr.ac6.mcu.externaltools.arm-none.linux64_1.15.0.201708311556/tools/compiler/bin/../lib/gcc/arm-none-eabi/6.3.1/../../../../arm-none-eabi/lib/thumb/v7-m/libc.a(lib_a-fflush.o)
 .debug_frame   0x0000000000002008       0x74 /opt/stm32/ac6/plugins/fr.ac6.mcu.externaltools.arm-none.linux64_1.15.0.201708311556/tools/compiler/bin/../lib/gcc/arm-none-eabi/6.3.1/../../../../arm-none-eabi/lib/thumb/v7-m/libc.a(lib_a-freer.o)
 .debug_frame   0x000000000000207c       0x30 /opt/stm32/ac6/plugins/fr.ac6.mcu.externaltools.arm-none.linux64_1.15.0.201708311556/tools/compiler/bin/../lib/gcc/arm-none-eabi/6.3.1/../../../../arm-none-eabi/lib/thumb/v7-m/libc.a(lib_a-lseekr.o)
 .debug_frame   0x00000000000020ac       0x68 /opt/stm32/ac6/plugins/fr.ac6.mcu.externaltools.arm-none.linux64_1.15.0.201708311556/tools/compiler/bin/../lib/gcc/arm-none-eabi/6.3.1/../../../../arm-none-eabi/lib/thumb/v7-m/libc.a(lib_a-makebuf.o)
 .debug_frame   0x0000000000002114       0x30 /opt/stm32/ac6/plugins/fr.ac6.mcu.externaltools.arm-none.linux64_1.15.0.201708311556/tools/compiler/bin/../lib/gcc/arm-none-eabi/6.3.1/../../../../arm-none-eabi/lib/thumb/v7-m/libc.a(lib_a-readr.o)
 .debug_frame   0x0000000000002144       0x58 /opt/stm32/ac6/plugins/fr.ac6.mcu.externaltools.arm-none.linux64_1.15.0.201708311556/tools/compiler/bin/../lib/gcc/arm-none-eabi/6.3.1/../../../../arm-none-eabi/lib/thumb/v7-m/libc.a(lib_a-reent.o)
 .debug_frame   0x000000000000219c       0x2c /opt/stm32/ac6/plugins/fr.ac6.mcu.externaltools.arm-none.linux64_1.15.0.201708311556/tools/compiler/bin/../lib/gcc/arm-none-eabi/6.3.1/../../../../arm-none-eabi/lib/thumb/v7-m/libc.a(lib_a-fstatr.o)
 .debug_frame   0x00000000000021c8       0x2c /opt/stm32/ac6/plugins/fr.ac6.mcu.externaltools.arm-none.linux64_1.15.0.201708311556/tools/compiler/bin/../lib/gcc/arm-none-eabi/6.3.1/../../../../arm-none-eabi/lib/thumb/v7-m/libc.a(lib_a-isattyr.o)
